build	鏋勫缓 APK	锘?026-05-15T08:53:30.2303500Z ##[group]Run flutter build apk --release --split-per-abi
build	鏋勫缓 APK	2026-05-15T08:53:30.2303934Z [36;1mflutter build apk --release --split-per-abi[0m
build	鏋勫缓 APK	2026-05-15T08:53:30.2340114Z shell: /usr/bin/bash -e {0}
build	鏋勫缓 APK	2026-05-15T08:53:30.2340358Z env:
build	鏋勫缓 APK	2026-05-15T08:53:30.2340677Z   FLUTTER_ROOT: /opt/hostedtoolcache/flutter/stable-3.19.6-x64/flutter
build	鏋勫缓 APK	2026-05-15T08:53:30.2341052Z   PUB_CACHE: /home/runner/.pub-cache
build	鏋勫缓 APK	2026-05-15T08:53:30.2341412Z   JAVA_HOME: /opt/hostedtoolcache/Java_Temurin-Hotspot_jdk/17.0.19-10/x64
build	鏋勫缓 APK	2026-05-15T08:53:30.2342089Z   JAVA_HOME_17_X64: /opt/hostedtoolcache/Java_Temurin-Hotspot_jdk/17.0.19-10/x64
build	鏋勫缓 APK	2026-05-15T08:53:30.2342470Z   ANDROID_HOME: /usr/local/lib/android/sdk
build	鏋勫缓 APK	2026-05-15T08:53:30.2342764Z   ANDROID_SDK_ROOT: /usr/local/lib/android/sdk
build	鏋勫缓 APK	2026-05-15T08:53:30.2343022Z ##[endgroup]
build	鏋勫缓 APK	2026-05-15T08:53:30.7365539Z 
build	鏋勫缓 APK	2026-05-15T08:53:38.1972859Z Running Gradle task 'assembleRelease'...                        
build	鏋勫缓 APK	2026-05-15T08:53:38.2027369Z You are applying Flutter's app_plugin_loader Gradle plugin imperatively using the apply script method, which is deprecated and will be removed in a future release. Migrate to applying Gradle plugins with the declarative plugins block: https://flutter.dev/go/flutter-gradle-plugin-apply
build	鏋勫缓 APK	2026-05-15T08:53:38.2030022Z 
build	鏋勫缓 APK	2026-05-15T08:53:38.9573921Z 
build	鏋勫缓 APK	2026-05-15T08:53:38.9652366Z FAILURE: Build failed with an exception.
build	鏋勫缓 APK	2026-05-15T08:53:38.9671244Z 
build	鏋勫缓 APK	2026-05-15T08:53:38.9671908Z * Where:
build	鏋勫缓 APK	2026-05-15T08:53:38.9672901Z Build file '/home/runner/work/susu-vpn2/susu-vpn2/android/app/build.gradle' line: 2
build	鏋勫缓 APK	2026-05-15T08:53:38.9673748Z 
build	鏋勫缓 APK	2026-05-15T08:53:38.9674103Z * What went wrong:
build	鏋勫缓 APK	2026-05-15T08:53:38.9675256Z Plugin [id: 'com.android.application'] was not found in any of the following sources:
build	鏋勫缓 APK	2026-05-15T08:53:38.9676090Z 
build	鏋勫缓 APK	2026-05-15T08:53:38.9677020Z - Gradle Core Plugins (plugin is not in 'org.gradle' namespace)
build	鏋勫缓 APK	2026-05-15T08:53:38.9678339Z - Plugin Repositories (plugin dependency must include a version number for this source)
build	鏋勫缓 APK	2026-05-15T08:53:38.9679217Z 
build	鏋勫缓 APK	2026-05-15T08:53:38.9700552Z * Try:
build	鏋勫缓 APK	2026-05-15T08:53:38.9731870Z > Run with --stacktrace option to get the stack trace.
build	鏋勫缓 APK	2026-05-15T08:53:38.9732902Z > Run with --info or --debug option to get more log output.
build	鏋勫缓 APK	2026-05-15T08:53:38.9733795Z > Run with --scan to get full insights.
build	鏋勫缓 APK	2026-05-15T08:53:38.9734325Z 
build	鏋勫缓 APK	2026-05-15T08:53:38.9734795Z * Get more help at https://help.gradle.org
build	鏋勫缓 APK	2026-05-15T08:53:38.9735322Z 
build	鏋勫缓 APK	2026-05-15T08:53:38.9735662Z BUILD FAILED in 8s
build	鏋勫缓 APK	2026-05-15T08:53:39.4027781Z Running Gradle task 'assembleRelease'...                            8.6s
build	鏋勫缓 APK	2026-05-15T08:53:39.4067985Z Gradle task assembleRelease failed with exit code 1
build	鏋勫缓 APK	2026-05-15T08:53:39.4145813Z ##[error]Process completed with exit code 1.
